2024-09-28 03:22:55.207: (INFO) package "main": Hello, world!
2024-09-28 03:22:55.220: (CRITICAL) package "main": Hello, world!
2024-09-28 03:29:14.565: (INFO) package "main": Hello, world!
2024-09-28 03:29:14.565: (CRITICAL) package "main": Hello, world!
2024-09-28 03:29:59.154: (INFO) package "main": Hello, world!
2024-09-28 03:30:07.692: (CRITICAL) package "main": Hello, world!
2024-09-28 03:30:09.129: (INFO) package "main": Hello, world!
2024-09-28 03:30:36.362: (CRITICAL) package "main": Hello, world!
2024-09-28 03:30:37.801: (INFO) package "main": Hello, world!
2024-09-28 03:30:59.846: (CRITICAL) package "main": Hello, world!
2024-09-28 03:32:49.176: (INFO) package "main": Hello, world!
2024-09-28 03:33:45.629: (CRITICAL) package "main": Hello, world!
2024-09-28 03:33:47.626: (INFO) package "main": Hello, world!
2024-09-28 03:33:47.626: (CRITICAL) package "main": Hello, world!
2024-09-28 03:37:17.735: (INFO) traceID: [%{trace_id}]: Hello, world!
2024-09-28 03:37:17.735: (CRITICAL) traceID: [%{trace_id}]: Hello, world!
2024-09-28 03:38:48.035: (INFO) traceID: %{trace_id}: Hello, world!
2024-09-28 03:38:48.036: (CRITICAL) traceID: %{trace_id}: Hello, world!
2024-09-28 03:39:59.650: (INFO) traceID: main: Hello, world!
2024-09-28 03:39:59.650: (CRITICAL) traceID: main: Hello, world!
2024-09-28 03:50:17.270: (INFO) traceID: main: Hello, world!
2024-09-28 03:50:17.270: (CRITICAL) traceID: main: Hello, world!
2024-09-28 03:50:25.959: (INFO) traceID: main: Hello, world!
2024-09-28 03:50:31.970: (CRITICAL) traceID: main: Hello, world!
2024-09-28 03:50:33.426: (INFO) traceID: main: Hello, world!
2024-09-28 03:50:38.769: (CRITICAL) traceID: main: Hello, world!
2024-09-28 03:50:45.666: (INFO) traceID: main: Hello, world!
2024-09-28 03:50:45.669: (CRITICAL) traceID: main: Hello, world!
2024-09-28 03:59:19.475: (INFO) traceID: main: Hello, world!
2024-09-28 03:59:19.478: (CRITICAL) traceID: main: Hello, world!
2024-09-28 04:00:16.641: (INFO) traceID: main: Hello, world!
2024-09-28 04:00:16.644: (CRITICAL) traceID: main: Hello, world!
2024-09-28 04:02:02.126: (INFO) traceID: 68146f45-aaea-4ffc-a54d-37174e244b0e: Hello, world!
2024-09-28 04:02:02.128: (CRITICAL) traceID: 68146f45-aaea-4ffc-a54d-37174e244b0e: Hello, world!
2024-09-28 04:02:46.793: (INFO) traceID: 0047d19d-208f-42bd-96cd-314adbe547d3: Hello, world!
2024-09-28 04:02:46.796: (CRITICAL) traceID: 0047d19d-208f-42bd-96cd-314adbe547d3: Hello, world!
2024-09-28 04:16:24.979: (INFO) traceID: bfbb967e-9f2f-4fa3-b645-aebbe0d92a6a: Hello, world!
2024-09-28 04:16:25.995: (CRITICAL) traceID: bfbb967e-9f2f-4fa3-b645-aebbe0d92a6a: Hello, world!
2024-09-28 04:19:23.819: (INFO) traceID: b237bc35-c15c-461d-bfd2-634ded2fa13b: Hello, world!
2024-09-28 04:19:24.838: (CRITICAL) traceID: b237bc35-c15c-461d-bfd2-634ded2fa13b: Hello, world!
2024-09-28 04:21:11.194: (INFO) traceID: fd8efb21-6c6e-4b99-ae7c-e6b1fd593ef8: Hello, world!
2024-09-28 04:21:12.208: (CRITICAL) traceID: fd8efb21-6c6e-4b99-ae7c-e6b1fd593ef8: Hello, world!
2024-09-28 04:21:22.246: (INFO) traceID: 19932622-b283-4703-91fd-807436163e0f: Hello, world!
2024-09-28 04:21:23.254: (CRITICAL) traceID: 19932622-b283-4703-91fd-807436163e0f: Hello, world!
2024-09-28 04:22:34.196: (INFO) traceID: 452c4bf8-4744-45b7-8253-bfcfd5d58b73: Hello, world!
2024-09-28 04:22:35.203: (CRITICAL) traceID: 452c4bf8-4744-45b7-8253-bfcfd5d58b73: Hello, world!
2024-09-28 04:22:52.094: (INFO) traceID: 5656b3c8-4fde-4114-bf4a-28e4d669e236: Hello, world!
2024-09-28 04:22:53.108: (CRITICAL) traceID: 5656b3c8-4fde-4114-bf4a-28e4d669e236: Hello, world!
2024-09-28 04:23:01.406: (INFO) traceID: 74d456ab-3078-4acf-ab35-24e1e0051a90: Hello, world!
2024-09-28 04:23:02.416: (CRITICAL) traceID: 74d456ab-3078-4acf-ab35-24e1e0051a90: Hello, world!
2024-09-28 04:26:33.303: (INFO) traceID: ea353560-bf02-490a-ac43-61765e085b97: Hello, world!
2024-09-28 04:26:33.304: (CRITICAL) traceID: ea353560-bf02-490a-ac43-61765e085b97: Hello, world!
2024-09-28 04:32:13.234: (INFO) traceID: 10167b2d-368a-4a74-ada9-738194bd19f9: Hello, world!
2024-09-28 04:32:13.234: (CRITICAL) traceID: 10167b2d-368a-4a74-ada9-738194bd19f9: Hello, world!
2024-09-28 04:32:28.220: (INFO) traceID: 4e7e74ac-56ed-451d-ad12-83461eaf7c51: Hello, world!
2024-09-28 04:32:29.235: (CRITICAL) traceID: 4e7e74ac-56ed-451d-ad12-83461eaf7c51: Hello, world!
2024-09-29 20:18:49.159: (INFO) traceID: 957434e4-c438-402d-b99c-4c466e0e313e: Hello, world!
2024-09-29 20:18:49.164: (CRITICAL) traceID: 957434e4-c438-402d-b99c-4c466e0e313e: Hello, world!
2024-09-29 20:20:08.697: (INFO) traceID: ae8faac8-fb59-451e-95ed-518be8fa9499: Hello, world!
2024-09-29 20:20:09.715: (CRITICAL) traceID: ae8faac8-fb59-451e-95ed-518be8fa9499: Hello, world!
2024-09-29 20:26:11.484: (INFO) traceID: c5833f57-b979-4dd1-b204-aedc146d9215: Hello, world!
2024-09-29 20:26:12.504: (CRITICAL) traceID: c5833f57-b979-4dd1-b204-aedc146d9215: Hello, world!
2024-09-29 20:42:22.790: (INFO) traceID: c44f4786-eaf2-4180-ba6f-03907dc6efa2: Hello, world!
2024-09-29 20:42:23.814: (CRITICAL) traceID: c44f4786-eaf2-4180-ba6f-03907dc6efa2: Hello, world!
